// Jest Snapshot v1, https://goo.gl/fbAQLP

exports[`Login Login component render snapshot 1`] = `
Object {
  "asFragment": [Function],
  "baseElement": <body>
    <div>
      <div
        class="card"
      >
        <div
          class="card-header"
          data-testid="login-card"
        >
          <h3>
            Log On to Employee Polls
          </h3>
        </div>
        <div
          class="card-body"
        >
          <form
            data-testid="log-form"
          >
            <div>
              <select
                data-testid="select-user"
                style="width: 15.5em; margin-bottom: 30px;"
              >
                <option
                  disabled=""
                  value="n/a"
                >
                  Select user...
                </option>
              </select>
            </div>
            <button
              class="btn btn-secondary"
              data-testid="log-button"
              disabled=""
              type="submit"
            >
              Log On
            </button>
          </form>
        </div>
      </div>
    </div>
  </body>,
  "container": <div>
    <div
      class="card"
    >
      <div
        class="card-header"
        data-testid="login-card"
      >
        <h3>
          Log On to Employee Polls
        </h3>
      </div>
      <div
        class="card-body"
      >
        <form
          data-testid="log-form"
        >
          <div>
            <select
              data-testid="select-user"
              style="width: 15.5em; margin-bottom: 30px;"
            >
              <option
                disabled=""
                value="n/a"
              >
                Select user...
              </option>
            </select>
          </div>
          <button
            class="btn btn-secondary"
            data-testid="log-button"
            disabled=""
            type="submit"
          >
            Log On
          </button>
        </form>
      </div>
    </div>
  </div>,
  "debug": [Function],
  "findAllByAltText": [Function],
  "findAllByDisplayValue": [Function],
  "findAllByLabelText": [Function],
  "findAllByPlaceholderText": [Function],
  "findAllByRole": [Function],
  "findAllByTestId": [Function],
  "findAllByText": [Function],
  "findAllByTitle": [Function],
  "findByAltText": [Function],
  "findByDisplayValue": [Function],
  "findByLabelText": [Function],
  "findByPlaceholderText": [Function],
  "findByRole": [Function],
  "findByTestId": [Function],
  "findByText": [Function],
  "findByTitle": [Function],
  "getAllByAltText": [Function],
  "getAllByDisplayValue": [Function],
  "getAllByLabelText": [Function],
  "getAllByPlaceholderText": [Function],
  "getAllByRole": [Function],
  "getAllByTestId": [Function],
  "getAllByText": [Function],
  "getAllByTitle": [Function],
  "getByAltText": [Function],
  "getByDisplayValue": [Function],
  "getByLabelText": [Function],
  "getByPlaceholderText": [Function],
  "getByRole": [Function],
  "getByTestId": [Function],
  "getByText": [Function],
  "getByTitle": [Function],
  "queryAllByAltText": [Function],
  "queryAllByDisplayValue": [Function],
  "queryAllByLabelText": [Function],
  "queryAllByPlaceholderText": [Function],
  "queryAllByRole": [Function],
  "queryAllByTestId": [Function],
  "queryAllByText": [Function],
  "queryAllByTitle": [Function],
  "queryByAltText": [Function],
  "queryByDisplayValue": [Function],
  "queryByLabelText": [Function],
  "queryByPlaceholderText": [Function],
  "queryByRole": [Function],
  "queryByTestId": [Function],
  "queryByText": [Function],
  "queryByTitle": [Function],
  "rerender": [Function],
  "unmount": [Function],
}
`;
